[  00000 Itilizig rop bs cpuset
[    0.000 Inialzig cgro ssys pu[   .0000] Iitliing grp ubsys cuat
[  00000 Lnu veron.4.064enric (buldlg01-5 (c ersio5.0 2006 (Ubtu.4.0ubtu1~.04) ) #85-Ubuntu SMP Mon Feb 20 11:50:30 UTC 2017 (Ubuntu 4.4.0-64.85-generic 4.4.44)
[    0.000000] Command line: BOOT_IMAGE=/boot/vmlinuz-4.4.0-64-genicoot=AB=coumgootfsroonole=y1 console=ttyS0
[    0.000000] KERNEL supported cpus:
    0.00000  ntel GenuineIntel
[   0.000] AMAuthenticAMD
[    0.0000]  CentaurCentaurHas
[   0.000] x86/fpuxste_offset2] 56, xstae_ze[2]: 2
    .000] x8fp Suppoin XAVfeture0x: x87 loti pointrestrs'   0.0000 x6/fp: pprtingXSE eature0x: SSE registers'
[    0.000] 86/fpuSuorting XSAE feature 0x04: 'AVX registers'
[    0.000000] x86/fpu: Enabled xstate features 0x7, context size is 32 bytes, using 'standard' format.
[   0.00000] x86pu Usnglay' FU ntxt sites
[   00000e8: BIOS-proid physical RAM map:
[  00000] OSe8: [mm x00000000000x0000000009ff usable
[  0000000] BIOS-e820: [mem x0000009f0-0x00000009ffff] rseved
[    000000] BIOSe8: [mm 0000000000000-0x00000000000fffff] reserved
[    0.000000] BIOS-e820: [mem 0x0000000000100000-0x000000003ffeffff] usable
[    0.00000]IO-e820 [m x0000003f0000-0x00000ffffff] PIdata[  0.00000]IO-e82 [m x00000ffc0000x000000ffff] reerd
[  0.0000 N(Eecut Dsabl) protecio ative
  0.00000SMOS 2.5pren.
  0.000]yperso dtected: KVM
[    0.000000e8: lat_n  0x3f0 x_arch_fn 0400000
[    0.0000] RR: Diabd
[  0000] 6/PAT:MTs isle skippin P iitiaizio too.
[   0000] 6/PAT:Coigraio[07]: WB  WT  UC- UC  WB  WT  UC- UC  
[    0.000000] CPU MTRRs all ban- virtualizedsystm.
[    0.000000] found SMP -tle at mem x0009fff0-0x0009ffff] mapped at [ffff88000009fff0]
[    0.000000] Scanning 1 areas for low memory corruption
[    0.000000] RAMDISK: [mem 0x36ac4000-0x37559fff]
[    0.000000] ACPI: Early table checksum verification disabled
[    0.000000] ACPI: RSDP 0x00000000000E0000 000024 (v02 VBOX  )
[    00000] ACP XT 0x00003FF00 0003C (1 OX   VOXDT0000001 L  0000061
[   0000000] AC: ACP 0x0000003F00F0 00 (v04VBOX  OXFA 00000AS 00006)
[    0.000000] ACPI: DSDT 0x00000FFF7002118 v0VBX VBBIOS0000 INT2000528)
[  .000000 AI:FACS 000000FF00 00040[   0.0000] AC: CS 0x00000FFF02000040
[  00000 AI: API0x00003F020 0005 (2 VBO  OXAPIC00001 ASL 00001)
  0.00000]AC: SDT x000003FFF0A000CC (v1 OX  VBCP 0000002 INT 20100528)
[    0.000000] No NUMA configuration found
[    0.000000] Faking a node at [mem 0x0000000000000000-0x000000003ffeffff]
[    0.000000] NODE_DATA(0) allocated [mem 0x3ffeb000-0x3ffeffff]
[    0.000000] kvm-clock: Using msrs 4b564d01 and 45600
[  000000] vmlok: cpu 0 m 03ffe00 pimary cu oc
[   0000 k-coc ungscheofet of 055446 cle
[    0.0000 cocksourc km-clckmak: 0fffffffff ma_cles: 0x1c42dfb, maxdlns: 81051483ns[   0.000]Zo rnges
   0000000  MA     [me 00000001000x0000000ffff
[   0.000000] DMA32    [mem 0x0000000001000000-0x000003fefff][   0.0000  Normal  mpy[  0.0000] Devie emty[   0.000000] Movable zone start for each node
[    0.000000] Early merynoe rage
   0.000]  nod  : mem x00000000100x000000009eff][   .000   nod  : me 0x00000010000x000000003feff]
[    00000 Iitm etup node 0 [emx00000000100-0000000feff]
[  0.000000] ACPI: PM-imr IOPo: x400
  0.00000IOPIC[: ic_id 2, version 7,adess 0xfc000 GSI0-
    0000] AI:NT_SC_R bus 0 bus_irq 0 global_irq 2 dfl dfl)
[    0.000000] ACPI: INT_SRC_OVR (bus 0 bus_irq 9 lol_irq 9 high level)
[    00000]sig ACPI (MADT) for SMP configurationinormatn[   0.000] spbt:Allowg CPUs 0holug CPs    0000] M: egtere nav memo: me 00000000x00fff]
  0.00000 P Rgisted savemeor [me 000f000x000ff][    0000] PM Risered sae emor: em0x0000-0x000effff]
[    0.000000] PM: Rgiered noveemor: em0x00000-0000fff
    .000] e820 [m x4000000-0xffbfff avilblfor CIevces
[    0.000000] Booting paravirtualized kernel on KVM
[    0.000000] clocksource: refined-jiffies: mask: 0xffffffff max_cycles: 0xffffffff, max_idle_ns: 7645519600211568 ns
[    0.000000] setup_percpu: N_CS:12 r_umas_bits:12r_pu_is:nrnodid1
[  000000] PERCU:mbedd  pag/c @ffff800fc0000s98264r82 2871 u4876
  0.00000]PVspnlckha tabe tres: 56orer:  496 bte
[    0.00000 Bult 1 zoneis i Noderd, moliy roupingon Ttal ag: 27913
  0.0000 Picy on DA32
  0.000]erel cmmd in BT_IMAGE=/oo/vinuz4.0-4-nec rootLAL=loudig-ots ro cnse=ty1 conletyS0
[  00000] D ha tle eri: 406 rdr: 3, 376byes)
[  00000] Mory: 1013610481K ailab (52K erl ode,12K wdata,39K odata, 48 ini, 16 b, 384K resered, 0 ca-eserd)
[  00000 SB: Haln=4, Orer=-3,inObject=0CPs=2,Nos=
[   0000 HerrchialCUimplemntio.  0.0000 	ui-te djustenofleafaut to 4.[   0.00000] 	RCUrestrti CUs from NRCP=52 tor_u_ids=.   0.0000 RCUAdstingeetryorcu_fanutea=6, _cu_id2[    0000] NRRQ33024 nrir:40 
   0.000000]Cool: coouVG+ 0x
[    0.00000] onle [tt] nabld    .000] coso [tyS0] naed
[  000000] tsc: Detected 3292.378 MHz processor
[   20.395091] Calibrating delay loop (skipped) preset value.. 6584.75 BogoMIPS (lpj=13169512)
[   20.549367] pid_max: default: 32768 minimum: 301
[   20.598226] ACPI: Core revision 20150930
[   20.680171] ACPI: 2 ACPI AML tables successfully acquired and loaded
[   20.807012] Security Framework initialized
[   20.815905] Yama: becoming mindful.
[   20.864782] AppArmor: AppArmor initialized
[   20.947112] Dentry cache hash table entries: 131072 (order: 8, 1048576 bytes)
[   21.027966] Inode-cache hash table entries: 65536 (order: 7, 524288 bytes)
[   21.034119] Mount-cache hash table entries: 2048 (order: 2, 16384 bytes)
[   21.075666] Mountpoint-cache hash table entries: 2048 (order: 2, 16384 bytes)
[   21.118891] Initializing cgroup subsys io
[   21.119640] Initializing cgroup subsys memory
[   21.120405] Initializing cgroup subsys devices
[   21.121178] Initializing cgroup subsys freezer
[   21.161270] Initializing cgroup subsys net_cls
[   21.186985] Initializing cgroup subsys perf_event
[   21.240360] Initializing cgroup subsys net_prio
[   21.293749] Initializing cgroup subsys hugetlb
[   21.338904] Initializing cgroup subsys pids
[   21.344924] CPU: Physical Processor ID: 0
[   21.347197] CPU: Processor Core ID: 0
[   21.348674] mce: CPU supports 0 MCE banks
[   21.349433] Last level iTLB entries: 4KB 1024, 2MB 1024, 4MB 1024
[   21.350460] Last level dTLB entries: 4KB 1024, 2MB 1024, 4MB 1024, 1GB 4
[   21.373052] Freeing SMP alternatives memory: 32K (ffffffff820b9000 - ffffffff820c1000)
[   21.405430] ftrace: allocating 32123 entries in 126 pages
[   21.455478] smpboot: APIC(0) Converting physical 0 to logical package 0
[   21.490817] smpboot: Max logical packages: 1
[   21.503998] ..TIMER: vector=0x30 apic1=0 pin1=2 apic2=-1 pin2=-1
[   21.623438] smpboot: CPU0: Intel(R) Core(TM) i5-4590 CPU @ 3.30GHz (family: 0x6, model: 0x3c, stepping: 0x3)
[   21.634426] Performance Events: unsupported p6 CPU model 60 no PMU driver, software events only.
[   21.636054] KVM setup paravirtual spinlock
[   21.637370] x86: Booting SMP configuration:
[   21.638129] .... node  #0, CPUs:      #1
[   21.696315] kvm-clock: cpu 1, msr 0:3ffe3041, secondary cpu clock
[   21.791250] mce: CPU supports 0 MCE banks
[   21.796180] x86: Booted up 1 node, 2 CPUs
[   21.821466] smpboot: Total of 2 processors activated (13169.51 BogoMIPS)
[   21.826740] devtmpfs: initialized
[   21.834869] evm: security.selinux
[   21.836791] evm: security.SMACK64
[   21.837458] evm: security.SMACK64EXEC
[   21.838161] evm: security.SMACK64TRANSMUTE
[   21.838941] evm: security.SMACK64MMAP
[   21.839615] evm: security.ima
[   21.842433] evm: security.capability
[   21.853049] clocksource: jiffies: mask: 0xffffffff max_cycles: 0xffffffff, max_idle_ns: 7645041785100000 ns
[   21.854935] pinctrl core: initialized pinctrl subsystem
[   21.893354] RTC time:  5:47:52, date: 02/24/17
[   21.924316] NET: Registered protocol family 16
[   21.934288] cpuidle: using governor ladder
[   21.950645] cpuidle: using governor menu
[   21.955607] PCCT header not found.
[   21.967802] ACPI: bus type PCI registered
[   21.974116] acpiphp: ACPI Hot Plug PCI Controller Driver version: 0.5
[   21.975344] PCI: Using configuration type 1 for base access
[   22.003877] ACPI: Added _OSI(Module Device)
[   22.007241] ACPI: Added _OSI(Processor Device)
[   22.008016] ACPI: Added _OSI(3.0 _SCP Extensions)
[   22.008816] ACPI: Added _OSI(Processor Aggregator Device)
[   22.097739] ACPI: Executed 1 blocks of module-level executable AML code
[   22.213432] ACPI: Interpreter enabled
[   22.279082] ACPI: (supports S0 S5)
[   22.327634] ACPI: Using IOAPIC for interrupt routing
[   22.426150] PCI: Using host bridge windows from ACPI; if necessary, use "pci=nocrs" and report a bug
[   22.617298] ACPI: PCI Root Bridge [PCI0] (domain 0000 [bus 00-ff])
[   22.711011] acpi PNP0A03:00: _OSC: OS supports [ASPM ClockPM Segments MSI]
[   22.808324] acpi PNP0A03:00: _OSC failed (AE_NOT_FOUND); disabling ASPM
[   22.930262] acpi PNP0A03:00: fail to add MMCONFIG information, can't access extended PCI configuration space under this bridge.
[   22.959772] PCI host bridge to bus 0000:00
[   22.970338] pci_bus 0000:00: root bus resource [io  0x0000-0x0cf7 window]
[   22.983307] pci_bus 0000:00: root bus resource [io  0x0d00-0xffff window]
[   22.986708] pci_bus 0000:00: root bus resource [mem 0x000a0000-0x000bffff window]
[   23.037935] pci_bus 0000:00: root bus resource [mem 0x40000000-0xffdfffff window]
[   23.146877] pci_bus 0000:00: root bus resource [bus 00-ff]
[   23.149418] pci 0000:00:01.1: legacy IDE quirk: reg 0x10: [io  0x01f0-0x01f7]
[   23.212555] pci 0000:00:01.1: legacy IDE quirk: reg 0x14: [io  0x03f6]
[   23.233652] pci 0000:00:01.1: legacy IDE quirk: reg 0x18: [io  0x0170-0x0177]
[   23.246289] pci 0000:00:01.1: legacy IDE quirk: reg 0x1c: [io  0x0376]
[   23.302460] ACPI: PCI Interrupt Link [LNKA] (IRQs 5 9 10 11) *0, disabled.
[   23.312353] ACPI: PCI Interrupt Link [LNKB] (IRQs 5 9 10 *11)
[   23.319480] ACPI: PCI Interrupt Link [LNKC] (IRQs 5 9 *10 11)
[   23.323594] ACPI: PCI Interrupt Link [LNKD] (IRQs 5 *9 10 11)
[   23.331956] ACPI: Enabled 2 GPEs in block 00 to 07
[   23.357776] vgaarb: setting as boot device: PCI:0000:00:02.0
[   23.367047] vgaarb: device added: PCI:0000:00:02.0,decodes=io+mem,owns=io+mem,locks=none
[   23.488107] vgaarb: loaded
[   23.540891] vgaarb: bridge control possible 0000:00:02.0
[   23.635769] SCSI subsystem initialized
[   23.700667] ACPI: bus type USB registered
[   23.750799] usbcore: registered new interface driver usbfs
[   23.809474] usbcore: registered new interface driver hub
[   23.885233] usbcore: registered new device driver usb
[   23.965589] PCI: Using ACPI for IRQ routing
[   24.055811] NetLabel: Initializing
[   24.127750] NetLabel:  domain hash size = 128
[   24.205393] NetLabel:  protocols = UNLABELED CIPSOv4
[   24.251632] NetLabel:  unlabeled traffic allowed by default
[   24.340755] amd_nb: Cannot enumerate AMD northbridges
[   24.435817] clocksource: Switched to clocksource kvm-clock
[   24.554] pAmo AArorilyste Ebl
  5.94] p:nPCP it  5.25] p:nPCP fnd3 deices

[   25.980323] clocksource: acpi_pm: mask: 0xffffff max_cycles: 0xffffff, max_idle_ns: 2085701024 ns
[   26.201691] NET: Registered protocol family 2
[   26.230500] TCP established hash table entries: 8192 (order: 4, 65536 bytes)
[   26.338875] TCP bind hash table entries: 8192 (order: 5, 131072 bytes)
[   26.367712] TCP: Hash tables configured (established 8192 bind 8192)
[   26.394507] UDP hash table entries: 512 (order: 2, 16384 bytes)
[   26.432417] UDP-Lite hash table entries: 512 (order: 2, 16384 bytes)
[   26.484141] NET: Registered protocol family 1
[   26.492693] pci 0000:00:00.0: Limiting direct PCI/PCI transfers
[   26.494419] pci 0000:00:01.0: Activating ISA DMA hang workarounds
[   26.499661] Trying to unpack rootfs image as initramfs...
[   28.930214] eeg it mory1040(ff803c40 ff8837a0)  9.5912]APPMdect, I unit is 2^-32 Joules, 4 fixed counters 10737418240 ms ovfl timer
[   30.236722] hwun odoinp0or2^ Jle

[   30.694902] hw unit of domain package 2^-0 Joules
[   30.741923] hw unit of domain dram 2^-0 Joules
[   30.802171] hw unit of domain pp1-gpu 2^-0 Joules
[   30.828420] platform rtc_cmos: registered platform RTC device (no PNP device found)
[   31.043031] Scanning for low memory corruption every 60 seconds
[   31.216168] futex hash table entries: 512 (order: 3, 32768 bytes)
[   31.315658] audit: initializing netlink subsys (disabled)
[   31.321068] audit: type=2000 audit(1487915262.619:1): initialized
[   31.349236] Initialise system trusted keyring
[   31.362201] HugeTLB registered 2 MB page size, pre-allocated 0 pages
[   31.397514] zbud: loaded
[   31.399619] VFS: Disk quotas dquot_6.6.0
[   31.407232] VFS: Dquot-cache hash table entries: 512 (order 0, 4096 bytes)
[   31.410354] squashfs: version 4.0 (2009/01/31) Phillip Lougher
[   31.412004] fuse init (API version 7.23)
[   31.418216] Key type big_key registered
[   31.422686] Allocating IMA MOK and blacklist keyrings.
[   31.426737] Key type asymmetric registered
[   31.435079] Asymmetric key parser 'x509' registered
[   31.450569] Block layer SCSI generic (bsg) driver version 0.4 loaded (major 249)
[   31.560026] io scheduler noop registered
[   31.607684] io scheduler deadline registered (default)
[   31.687714] io scheduler cfq registered
[   31.720161] pci_hotplug: PCI Hot Plug PCI Core version: 0.5
[   31.808299] pciehp: PCI Express Hot Plug Controller Driver version: 0.4
[   31.819850] ACPI: AC Adapter [AC] (on-line)
[   31.859070] tsc: Refined TSC clocksource calibration: 3292.068 MHz
[   31.863487] clocksource: tsc: mask: 0xffffffffffffffff max_cycles: 0x2f7407cbc53, max_idle_ns: 440795366726 ns
[   31.863980] input: Power Button as /devices/LNXSYSTM:00/LNXPWRBN:00/input/input0
[   31.863982] ACPI: Power Button [PWRF]
[   31.864045] input: Sleep Button as /devices/LNXSYSTM:00/LNXSLPBN:00/input/input1
[   31.864046] ACPI: Sleep Button [SLPF]
[   32.044413] GHES: HEST is not enabled!
[   32.044512] Serial: 8250/16550 driver, 32 ports, IRQ sharing enabled
[   32.206735] 00:02: ttyS0 at I/O 0x3f8 (irq = 4, base_baud = 115200) is a 16550A
[   32.304185] Linux agpgart interface v0.103
[   32.574412] brd: module loaded
[   32.575145] loop: module loaded
[   32.575602] scsi host0: ata_piix
[   32.575650] scsi host1: ata_piix
[   32.575675] ata1: PATA max UDMA/33 cmd 0x1f0 ctl 0x3f6 bmdma 0xd000 irq 14
[   32.575675] ata2: PATA max UDMA/33 cmd 0x170 ctl 0x376 bmdma 0xd008 irq 15
[   32.575739] libphy: Fixed MDIO Bus: probed
[   32.575741] tun: Universal TUN/TAP device driver, 1.6
[   32.575741] tun: (C) 1999-2004 Max Krasnyansky <maxk@qualcomm.com>
[   32.576055] PPP generic driver version 2.4.2
[   32.576105] ehci_hcd: USB 2.0 'Enhanced' Host Controller (EHCI) Driver
[   32.576111] ehci-pci: EHCI PCI platform driver
[   32.576125] ehci-platform: EHCI generic platform driver
[   32.576131] ohci_hcd: USB 1.1 'Open' Host Controller (OHCI) Driver
[   32.576134] ohci-pci: OHCI PCI platform driver
[   32.576140] ohci-platform: OHCI generic platform driver
[   32.576145] uhci_hcd: USB Universal Host Controller Interface driver
[   32.576193] i8042: PNP: PS/2 Controller [PNP0303:PS2K,PNP0f03:PS2M] at 0x60,0x64 irq 1,12
[   32.576584] serio: i8042 KBD port at 0x60,0x64 irq 1
[   32.576587] serio: i8042 AUX port at 0x60,0x64 irq 12
[   32.576671] mousedev: PS/2 mouse device common for all mice
[   32.576919] input: AT Translated Set 2 keyboard as /devices/platform/i8042/serio0/input/input2
[   32.577210] rtc_cmos rtc_cmos: rtc core: registered rtc_cmos as rtc0
[   32.577259] rtc_cmos rtc_cmos: alarms up to one day, 114 bytes nvram
[   32.577265] i2c /dev entries driver
[   32.577317] device-mapper: uevent: version 1.0.3
[   32.577361] device-mapper: ioctl: 4.34.0-ioctl (2015-10-28) initialised: dm-devel@redhat.com
[   32.577380] ledtrig-cpu: registered to indicate activity on CPUs
[   32.577599] NET: Registered protocol family 10
[   32.577728] NET: Registered protocol family 17
[   32.577736] Key type dns_resolver registered
[   32.577856] microcode: CPU0 sig=0x306c3, pf=0x40, revision=0x0
[   32.594160] microcode: CPU1 sig=0x306c3, pf=0x40, revision=0x0
[   32.594242] microcode: Microcode Update Driver: v2.01 <tigran@aivazian.fsnet.co.uk>, Peter Oruba
[   32.594356] registered taskstats version 1
[   32.594369] Loading compiled-in X.509 certificates
[   32.594901] Loaded X.509 cert 'Build time autogenerated kernel key: 11f495fa9f4186f263f5fd144a167c99990e2f12'
[   32.594921] zswap: loaded using pool lzo/zbud
[   32.596279] Key type trusted registered
[   32.598075] Key type encrypted registered
[   32.598083] AppArmor: AppArmor sha1 policy hashing enabled
[   32.598086] ima: No TPM chip found, activating TPM-bypass!
[   32.598105] evm: HMAC attrs: 0x1
[   32.598332]   Magic number: 5:542:770
[   32.598441] rtc_cmos rtc_cmos: setting system clock to 2017-02-24 05:48:03 UTC (1487915283)
[   32.598509] BIOS EDD facility v0.16 2004-Jun-25, 0 devices found
[   32.598509] EDD information not available.
[   33.624359] Freeing unused kernel memory: 1488K (ffffffff81f45000 - ffffffff820b9000)
[   33.788828] Write protecting the kernel read-only data: 14336k
[   33.868201] Freeing unused kernel memory: 1776K (ffff880001844000 - ffff880001a00000)
[   33.908399] Freeing unused kernel memory: 116K (ffff880001de3000 - ffff880001e00000)
Loading, please wait...
starting version 229
[   34.029447] random: udevadm: uninitialized urandom read (16 bytes read, 3 bits of entropy available)
[   34.029576] random: systemd-udevd: uninitialized urandom read (16 bytes read, 3 bits of entropy available)
[   34.029629] random: systemd-udevd: uninitialized urandom read (16 bytes read, 3 bits of entropy available)
[   34.029637] random: systemd-udevd: uninitialized urandom read (16 bytes read, 3 bits of entropy available)
[   34.029646] random: systemd-udevd: uninitialized urandom read (16 bytes read, 3 bits of entropy available)
[   34.108807] random: udevadm: uninitialized urandom read (16 bytes read, 3 bits of entropy available)
[   34.130347] random: udevadm: uninitialized urandom read (16 bytes read, 3 bits of entropy available)
[   34.184696] random: udevadm: uninitialized urandom read (16 bytes read, 3 bits of entropy available)
[   34.236837] random: udevadm: uninitialized urandom read (16 bytes read, 3 bits of entropy available)
[   34.303663] random: udevadm: uninitialized urandom read (16 bytes read, 3 bits of entropy available)
[   34.350072] Fusion MPT base driver 3.04.20
[   34.373115] Copyright (c) 1999-2008 LSI Corporation
[   34.399353] e1000: Intel(R) PRO/1000 Network Driver - version 7.3.21-k8-NAPI
[   34.403790] e1000: Copyright (c) 1999-2006 Intel Corporation.
[   34.456230] AVX version of gcm_enc/dec engaged.
[   34.494002] AES CTR mode by8 optimization enabled
[   34.507211] Fusion MPT SPI Host driver 3.04.20
[   34.622886] input: ImExPS/2 Generic Explorer Mouse as /devices/platform/i8042/serio1/input/input4
[   34.922639] e1000 0000:00:03.0 eth0: (PCI:33MHz:32-bit) 02:ee:b6:8e:84:86
[   34.949307] e1000 0000:00:03.0 eth0: Intel(R) PRO/1000 Network Connection
[   34.985940] mptbase: ioc0: Initiating bringup
[   34.990069] e1000 0000:00:03.0 enp0s3: renamed from eth0
[   35.510273] ioc0: LSI53C1030 A0: Capabilities={Initiator}
[   36.085036] scsi host2: ioc0: LSI53C1030 A0, FwRev=00000000h, Ports=1, MaxQ=256, IRQ=20
[   36.717654] scsi 2:0:0:0: Direct-Access     VBOX     HARDDISK         1.0  PQ: 0 ANSI: 5
[   36.788972] scsi target2:0:0: Beginning Domain Validation
[   36.824539] scsi target2:0:0: Domain Validation skipping write tests
[   37.554560] scsi target2:0:0: Ending Domain Validation
[   37.616195] floppy0: no floppy controllers found
[   37.680943] scsi target2:0:0: asynchronous
[   37.728273] scsi 2:0:1:0: Direct-Access     VBOX     HARDDISK         1.0  PQ: 0 ANSI: 5
[   37.913672] scsi target2:0:1: Beginning Domain Validation
[   38.018547] scsi target2:0:1: Domain Validation skipping write tests
[   38.021859] scsi target2:0:1: Ending Domain Validation
[   38.086425] scsi target2:0:1: asynchronous
[   38.159480] sd 2:0:0:0: Attached scsi generic sg0 type 0
[   38.251584] sd 2:0:0:0: [sda] 20971520 512-byte logical blocks: (10.7 GB/10.0 GiB)
[   38.353258] sd 2:0:1:0: [sdb] 20480 512-byte logical blocks: (10.5 MB/10.0 MiB)
[   38.353336] sd 2:0:1:0: Attached scsi generic sg1 type 0
[   38.491385] sd 2:0:0:0: [sda] Write Protect is off
[   38.551882] sd 2:0:1:0: [sdb] Write Protect is off
[   38.551970] sd 2:0:0:0: [sda] Incomplete mode parameter data
[   38.551971] sd 2:0:0:0: [sda] Assuming drive cache: write through
[   38.788344] sd 2:0:1:0: [sdb] Incomplete mode parameter data
[   38.878139] sd 2:0:1:0: [sdb] Assuming drive cache: write through
[   38.890366]  sda: sda1
[   39.048847] sd 2:0:0:0: [sda] Attached SCSI disk
[   39.211179] sd 2:0:1:0: [sdb] Attached SCSI disk
Begin: Loading e[   40.624002] md: linear personality registered for level -1
ssential drivers[   40.685170] md: multipath personality registered for level -4
 ... [   40.767597] md: raid0 personality registered for level 0
[   40.816511] md: raid1 personality registered for level 1
[   40.952392] raid6: sse2x1   gen()  7898 MB/s
[   41.045327] raid6: sse2x1   xor()  2763 MB/s
[   41.128451] raid6: sse2x2   gen()  7817 MB/s
[   41.256137] raid6: sse2x2   xor()  6800 MB/s
[   41.356619] raid6: sse2x4   gen()  7100 MB/s
[   41.439901] raid6: sse2x4   xor()   455 MB/s
[   41.444606] raid6: using algorithm sse2x1 gen() 7898 MB/s
[   41.450070] raid6: .... xor() 2763 MB/s, rmw enabled
[   41.461107] raid6: using ssse3x2 recovery algorithm
[   41.496682] xor: automatically using best checksumming function:
[   41.588319]    avx       : 19929.000 MB/sec
[   41.618346] async_tx: api initialized (async)
[   41.682475] md: raid6 personality registered for level 6
[   41.703729] md: raid5 personality registered for level 5
[   41.745121] md: raid4 personality registered for level 4
[   41.812262] md: raid10 personality registered for level 10
done.
Begin: Running /scripts/init-premount ... done.
Begin: Mounting root fil[   41.904409] Btrfs loaded
e system ... Begin: Running /scripts/local-top ... done.
Begin: Running /scripts/local-premount ... Scanning for Btrfs filesystems
done.
Warning: fsck not present, so skipping root file[   42.020478] EXT4-fs (sda1): mounted filesystem with ordered data mode. Opts: (null)
 system
done.
Begin: Running /scripts/local-bottom ... done.
Begin: Running /scripts/init-bottom ... done.
[   42.318780] systemd[1]: systemd 229 running in system mode. (+PAM +AUDIT +SELINUX +IMA +APPARMOR +SMACK +SYSVINIT +UTMP +LIBCRYPTSETUP +GCRYPT +GNUTLS +ACL +XZ -LZ4 +SECCOMP +BLKID +ELFUTILS +KMOD -IDN)
[   42.351611] systemd[1]: Detected virtualization oracle.
[   42.366472] systemd[1]: Detected architecture x86-64.

Welcome to [1mUbuntu 16.04.2 LTS[0m!

[   42.443031] systemd[1]: Set hostname to <ubuntu-xenial>.
[   42.699988] systemd[1]: Listening on udev Kernel Socket.
[[0;32m  OK  [0m] Listening on udev Kernel Socket.
[   42.801922] systemd[1]: Listening on Device-mappe entdamoFIs.
[[0;32m  OK  [0m] Listening on Device-mapper event daemon FIFOs.
[   43.091195] systemd[1]: Listening on Journal Audit Socket.
[[0;32m  OK  [0m] Listening on Journal Audit Socket.
[ 431220syem[1 Ltengon /dev/initctl ompatibility Named Pipe.
[[0;32m  OK  [0m] Listening on /dev/initctl Compatibility Named Pipe.
[  4.832] systmd]:tate Forwad ssorRees tWa Decryat.
[[0;32m  OK  [0m] Started Forward Password Requests to Wall Directory Watch.
[ 447221] systd[]: Creedli Sst Sce

[[0;32m  OK  [0m] Created slice System Slice.
[ 45727]ysmd]:reatedslic sysm-stes.sic
[[0;32m  OK  [0m] Created slice system-postgresql.slice.
[ 459777syem1]Crtesle seanSeioSle.
[[0;32m  OK  [0m] Created slice User and Session Slice.
[ 46242]ysemd[1]:RehetaetSwp.

[[0;32m  OK  [0m] Reached target Swap.
[ 470902syem1]Seuputomount Arbitrry Executable File Formats File System Automount Point.
[[0;32m  OK  [0m] Set up automount Arbitrary Executab...ats File System Automount Point.
[ 472022syemd[]:isni on udv ntl ck.
[[0;32m  OK  [0m] Listening on udev Control Socket.
[ 48049]ysemd[1: Creaedsle sysm-eral\x2ettysle.
[[0;32m  OK  [0m] Created slice system-serial\x2dgetty.slice.
[ 49969]ysmd]:eaedtage Sic.
[[0;32m  OK  [0m] Reached target Slices.
[   49.6883]syem[1: stningn sl Sck.
[[0;32m  OK  [0m] Listening on Syslog Socket.
[ 50004]yste[1] Ltenngn M2 metadata daemon socket.
[[0;32m  OK  [0m] Listening on LVM2 metadata daemon socket.
[   50.643374] systemd[1]: Listening on LVM2 poll daemon socket.
[[0;32m  OK  [0m] Listening on LVM2 poll daemon socket.
[   50.645] std[: Litengn url ck.
[[0;32m  OK  [0m] Listening on Journal Socket.
[   51.300593] systemd[1]: Starting Set console keymap...
[   51.314387] random: nonblocking pool is initialized
         Starting Set console keymap...
[   51.404016] systemd[1]: Mounting POSIX Message Queue File System...
         Mounting POSIX Message Queue File System...
[   51.536352] systemd[1]: Starting Monitoring of LVM2 mirrors, snapshots etc. using dmeventd or progress polling...
         Starting Monitoring of LVM2 mirrors... dmeventd or progress polling...
[   51.711750] systemd[1]: Starting Load Kernel Modules...
         Starting Load Ke[   51.837546] Loading iSCSI transport class v2.0-870.
rnel Modules...
[   51.881791] iscsi: registered transport (tcp)
[   51.892689] systemd[1]: Starting Create list of required static device nodes for the current kernel...
         Starting Create [   52.033142] iscsi: registered transport (iser)
list of required st... nodes for the current kernel...
[   52.164290] systemd[1]: Starting Uncomplicated firewall...
         Starting Uncomplicated firewall...
[   52.296393] systemd[1]: Mounting Huge Pages File System...
         Mounting Huge Pages File System...
[   52.416367] systemd[1]: Starting Remount Root and Kernel File Systems...
         [   52.491775] EXT4-fs (sda1): re-mounted. Opts: (null)
Starting Remount Root and Kernel File Systems...
[   2.09] std[: Reache tgeUsr d ro Nmeoops

[[0;32m  OK  [0m] Reached target User and Group Name Lookups.
[   53.396849] systemd[1]: Starting Nameserver information manager...
         Starting Nameserver information manager...
[   53.580424] systemd[1]: Listening on Journal Socket (/dev/log).
[[0;32m  OK  [0m] Listening on Journal Socket (/dev/log).
[   53.760672] systemd[1]: Starting Journal Service...
         Starting Journal Service...
[   53.912180] systemd[1]: Mounting Debug File System...
         Mounting Debug File System...
[   54.056360] systemd[1]: Reached target Encrypted Volumes.
[[0;32m  OK  [0m] Reached target Encrypted Volumes.
[   54.177448] systemd[1]: Mounted POSIX Message Queue File System.
[[0;32m  OK  [0m] Mounted POSIX Message Queue File System.
[ 54.280268] std[: und Hue Paesile Syste.
[[0;32m  OK  [0m] Mounted Huge Pages File System.
[   54.848280] systemd[1]: Mounted Debug File System.
[[0;32m  OK  [0m] Mounted Debug File System.
[   54.924334] systemd[1]: Started Journal Service.
[[0;32m  OK  [0m] Started Journal Service.
[[0;32m  OK  [0m] Started Set console keymap.
[[0;32m  OK  [0m] Started Load Kernel Modules.
[[0;32m  OK  [0m] Started Create list of required sta...ce nodes for the current kernel.
[[0;32m  OK  [0m] Started Uncomplicated firewall.
[[0;32m  OK  [0m] Started Remount Root and Kernel File Systems.
[[0;32m  OK  [0m] Started Nameserver information manager.
[[0;32m  OK  [0m] Started LVM2 metadata daemon.
         Starting Initial cloud-init job (pre-networking)...
         Starting udev Coldplug all Devices...
         Starting Load/Save Random Seed...
         Starting Create Static Device Nodes in /dev...
         Mounting FUSE Control File System...
         Starting Apply Kernel Variables...
         Starting Flush Journal to Persistent Storage...
[[0;32m  OK  [0m] Mounted FUSE Control File System.
[[0;32m  OK  [0m] Started Monitoring of LVM2 mirrors,...ng dmeventd or progress polling.
[[0;32m  OK  [0m] Started Load/Save Random Seed.
[[0;32m  OK  [0m] Started Create Static Device Nodes in /dev.
[[0;32m  OK  [0m] Started Apply Kernel Variables.
[[0;32m  OK  [0m] Started udev Coldplug all Devices.
         Starting udev Kernel Device Manager...
[[0;32m  OK  [0m] Started Flush Journal to Persistent Storage.
[[0;32m  OK  [0m] Started udev Kernel Device Manager.
[[0;32m  OK  [0m] Reached target Local File Systems (Pre).
[[0;32m  OK  [0m] Reached target Local File Systems.
         Starting LSB: AppArmor initialization...
         Starting Set console font and keymap...
         Starting Tell Plymouth To Write Out Runtime Data...
[[0;32m  OK  [0m] Started Dispatch Password Requests to Console Directory Watch.
[   32.634644] cloud-init[479]: Cloud-init v. 0.7.9 running 'init-local' at Fri, 24 Feb 2017 05:48:26 +0000. Up 32.14 seconds.
         Starting Create Volatile Files and Directories...
[[0;32m  OK  [0m] Started Tell Plymouth To Write Out Runtime Data.
[[0;32m  OK  [0m] Started Create Volatile Files and Directories.
[[0;32m  OK  [0m] Started Initial cloud-init job (pre-networking).
[[0;32m  OK  [0m] Started Set console font and keymap.
[[0;32m  OK  [0m] Found device /dev/ttyS0.
[[0;32m  OK  [0m] Listening on Load/Save RF Kill Switch Status /dev/rfkill Watch.
[[0;32m  OK  [0m] Created slice system-getty.slice.
[[0;32m  OK  [0m] Reached target Network (Pre).
[[0;32m  OK  [0m] Reached target System Time Synchronized.
         Starting Update UTMP about System Boot/Shutdown...
[[0;32m  OK  [0m] Started LSB: AppArmor initialization.
         Starting Raise network interfaces...
[[0;32m  OK  [0m] Started ifup for enp0s3.
[[0;32m  OK  [0m] Started Update UTMP about System Boot/Shutdown.
[[0;32m  OK  [0m] Started Raise network interfaces.
[[0;32m  OK  [0m] Reached target Network.
         Starting Initial cloud-init job (metadata service crawler)...
[   36.160270] cloud-init[1080]: Cloud-init v. 0.7.9 running 'init' at Fri, 24 Feb 2017 05:48:30 +0000. Up 35.80 seconds.
[   36.212468] cloud-init[1080]: ci-info: +++++++++++++++++++++++++++++++++++++Net device info++++++++++++++++++++++++++++++++++++++
[   36.248708] cloud-init[1080]: ci-info: +--------+------+----------------------------+---------------+-------+-------------------+
[   36.285640] cloud-init[1080]: ci-info: | Device |  Up  |          Address           |      Mask     | Scope |     Hw-Address    |
[   36.286076] cloud-init[1080]: ci-info: +--------+------+----------------------------+---------------+-------+-------------------+
[[0;32m  OK  [0m] Started Initial cloud-init job (metadata service crawler).
[   36.286374] cloud-init[1080]: ci-info: | enp0s3 | True |         10.0.2.15          | 255.255.255.0 |   .   | 02:ee:b6:8e:84:86 |
[   36.438822] cloud-init[1080]: ci-info: | enp0s3 | True | fe80::ee:b6ff:fe8e:8486/64 |       .       |  link | 02:ee:b6:8e:84:86 |
[   36.439068] cloud-init[1080]: ci-info: |   lo   | True |         127.0.0.1          |   255.0.0.0   |   .   |         .         |
[   36.439190] cloud-init[1080]: ci-info: |   lo   | True |          ::1/128           |       .       |  host |         .         |
[   36.439313] cloud-init[1080]: ci-info: +--------+------+----------------------------+---------------+-------+-------------------+
[   36.439438] cloud-init[1080]: ci-info: +++++++++++++++++++++++++++Route IPv4 info++++++++++++++++++++++++++++
[   36.439566] cloud-init[1080]: ci-info: +-------+-------------+----------+---------------+-----------+-------+
[   36.439692] cloud-init[1080]: ci-info: | Route | Destination | Gateway  |    Genmask    | Interface | Flags |
[   36.439819] cloud-init[1080]: ci-info: +-------+-------------+----------+---------------+-----------+-------+
[   36.439953] cloud-init[1080]: ci-info: |   0   |   0.0.0.0   | 10.0.2.2 |    0.0.0.0    |   enp0s3  |   UG  |
[   36.440208] cloud-init[1080]: ci-info: |   1   |   10.0.2.0  | 0.0.0.0  | 255.255.255.0 |   enp0s3  |   U   |
[   36.440333] cloud-init[1080]: ci-info: +-------+-------------+----------+---------------+-----------+-------+
[[0;32m  OK  [0m] Reached target Cloud-config availability
[[0;32m  OK  [0m] Reached target System Initialization.
[[0;32m  OK  [0m] Listening on ACPID Listen Socket.
[[0;32m  OK  [0m] Started Timer to automatically refresh installed snaps.
[[0;32m  OK  [0m] Started Trigger resolvconf update for networkd DNS.
[[0;32m  OK  [0m] Started Daily Cleanup of Temporary Directories.
[[0;32m  OK  [0m] Started Daily apt activities.
[[0;32m  OK  [0m] Reached target Timers.
[[0;32m  OK  [0m] Listening on UUID daemon activation socket.
[[0;32m  OK  [0m] Started ACPI Events Check.
[[0;32m  OK  [0m] Reached target Paths.
[[0;32m  OK  [0m] Listening on D-Bus System Message Bus Socket.
         Starting Socket activation for snappy daemon.
         Starting LXD - unix socket.
[[0;32m  OK  [0m] Reached target Network is Online.
         Starting iSCSI initiator daemon (iscsid)...
[[0;32m  OK  [0m] Listening on Socket activation for snappy daemon.
[[0;32m  OK  [0m] Listening on LXD - unix socket.
[[0;32m  OK  [0m] Started iSCSI initiator daemon (iscsid).
         Starting Login to default iSCSI targets...
[[0;32m  OK  [0m] Reached target Sockets.
[[0;32m  OK  [0m] Reached target Basic System.
         Starting LSB: Record successful boot for GRUB...
         Starting Accounts Service...
[[0;32m  OK  [0m] Started Deferred execution scheduler.
         Starting Apply the settings specified in cloud-config...
         Starting System Logging Service...
         Starting LSB: MD monitoring daemon...
         Starting Login Service...
[[0;32m  OK  [0m] Started Regular background program processing daemon.
         Starting PostgreSQL Cluster 9.5-main...
[[0;32m  OK  [0m] Started Snappy daemon.
[[0;32m  OK  [0m] Started ACPI event daemon.
[[0;32m  OK  [0m] Started FUSE filesystem for LXC.
         Starting Auto import assertions from block devices...
         Starting OpenBSD Secure Shell server...
         Starting /etc/rc.local Compatibility...
[[0;32m  OK  [0m] Started D-Bus System Message Bus.
[   39.508166] cloud-init[1148]: Cloud-init v. 0.7.9 running 'modules:config' at Fri, 24 Feb 2017 05:48:34 +0000. Up 39.33 seconds.
         Starting LXD - container startup/shutdown...
[[0;32m  OK  [0m] Started System Logging Service.
[[0;32m  OK  [0m] Started OpenBSD Secure Shell server.
[[0;32m  OK  [0m] Started Apply the settings specified in cloud-config.
[[0;32m  OK  [0m] Started Auto import assertions from block devices.
[[0;32m  OK  [0m] Started /etc/rc.local Compatibility.
[[0;32m  OK  [0m] Started LXD - container startup/shutdown.
[[0;32m  OK  [0m] Started Login to default iSCSI targets.
[[0;32m  OK  [0m] Started LSB: Record successful boot for GRUB.
[[0;32m  OK  [0m] Started LSB: MD monitoring daemon.
[[0;32m  OK  [0m] Started Login Service.
         Starting Authenticate and Authorize Users to Run Privileged Tasks...
[[0;32m  OK  [0m] Reached target Remote File Systems (Pre).
[[0;32m  OK  [0m] Reached target Remote File Systems.
         Starting LSB: Start/stop sysstat's sadc...
         Starting LSB: VirtualBox Linux Additions...
         Starting LSB: daemon to balance interrupts for SMP systems...
         Starting LSB: automatic crash report generation...
         Starting LSB: Set the CPU Frequency Scaling governor to "ondemand"...
         Starting Permit User Sessions...
[[0;32m  OK  [0m] Started Permit User Sessions.
[[0;32m  OK  [0m] Started Authenticate and Authorize Users to Run Privileged Tasks.
[[0;32m  OK  [0m] Started Accounts Service.
[[0;32m  OK  [0m] Started LSB: Start/stop sysstat's sadc.
[[0;32m  OK  [0m] Started LSB: VirtualBox Linux Additions.
[[0;32m  OK  [0m] Started LSB: daemon to balance interrupts for SMP systems.
[[0;32m  OK  [0m] Started LSB: automatic crash report generation.
[[0;32m  OK  [0m] Started LSB: Set the CPU Frequency Scaling governor to "ondemand".
[[0;32m  OK  [0m] Created slice User Slice of ubuntu.
[[0;32m  OK  [0m] Started Session 1 of user ubuntu.
         Starting User Manager for UID 1000...
         Starting Terminate Plymouth Boot Screen...
         Starting Hold until boot process finishes up...
[[0;32m  OK  [0m] Started User Manager for UID 1000.
[[0;32m  OK  [0m] Started Terminate Plymouth Boot Screen.
[[0;32m  OK  [0m] Started Hold until boot process finishes up.
         Starting Set console scheme...
[[0;32m  OK  [0m] Started Getty on tty1.
[[0;32m  OK  [0m] Started Serial Getty on ttyS0.
[[0;32m  OK  [0m] Reached target Login Prompts.
[[0;32m  OK  [0m] Started Set console scheme.
[[0;32m  OK  [0m] Started PostgreSQL Cluster 9.5-main.
         Starting PostgreSQL RDBMS...
[[0;32m  OK  [0m] Started PostgreSQL RDBMS.
[[0;32m  OK  [0m] Reached target Multi-User System.
[[0;32m  OK  [0m] Reached target Graphical Interface.
         Starting Update UTMP about System Runlevel Changes...
         Starting Execute cloud user/final scripts...
[[0;32m  OK  [0m] Started Update UTMP about System Runlevel Changes.
[   42.958176] cloud-init[1416]: Cloud-init v. 0.7.9 running 'modules:final' at Fri, 24 Feb 2017 05:48:37 +0000. Up 42.84 seconds.
[[0;32m  OK  [0m] Started Execute cloud user/final scripts.
[[0;32m  OK  [0m] Reached target Cloud-init target.
[   43.046205] cloud-init[1416]: Cloud-init v. 0.7.9 finished at Fri, 24 Feb 2017 05:48:37 +0000. Datasource DataSourceNoCloud [seed=/dev/sdb][dsmode=net].  Up 42.94 seconds

Ubuntu 16.04.2 LTS ubuntu-xenial ttyS0

ubuntu-xenial login: 